// Jest Snapshot v1, https://goo.gl/fbAQLP

exports[`should matches the snapshot 1`] = `
<h1>
  create question page
</h1>
`;
