// Jest Snapshot v1, https://goo.gl/fbAQLP

exports[`<CreateQuestionOption /> should matches the snapshot 1`] = `
<div>
  <input
    onChange={[Function]}
    type="file"
  />
</div>
`;
