// Jest Snapshot v1, https://goo.gl/fbAQLP

exports[`<Home> should matches the snapshot 1`] = `
Array [
  <h1>
    home page
  </h1>,
  <a
    href="/createQuestion"
    onClick={[Function]}
  >
    create a question
  </a>,
]
`;
