// Jest Snapshot v1, https://goo.gl/fbAQLP

exports[`<RemoveImage /> should matches the snapshot 1`] = `null`;
