// Jest Snapshot v1, https://goo.gl/fbAQLP

exports[`<UserAnswers /> should matches the snapshot 1`] = `
<h1>
  loading ...
</h1>
`;
