// Jest Snapshot v1, https://goo.gl/fbAQLP

exports[`<CreateQuestionOptionList /> should matches the snapshot 1`] = `null`;
