// Jest Snapshot v1, https://goo.gl/fbAQLP

exports[`<AnswerSaved /> should matches the snapshot 1`] = `
<h1>
  your answer is saved
</h1>
`;
