// Jest Snapshot v1, https://goo.gl/fbAQLP

exports[`<AnswerList /> should matches the snapshot 1`] = `
Array [
  <div>
    <div
      className="alert alert-primary fade"
      role="alert"
    >
      <h2>
        question title: 
        this question title
      </h2>
      <div>
        <strong>
          you chose: 
        </strong>
        <img
          alt=""
          src="http://localhost:8282/question/25/2.png"
        />
      </div>
    </div>
  </div>,
  <div>
    <div
      className="alert alert-primary fade"
      role="alert"
    >
      <h2>
        question title: 
        this question title
      </h2>
      <div>
        <strong>
          you chose: 
        </strong>
        <img
          alt=""
          src="http://localhost:8282/question/25/2.png"
        />
      </div>
    </div>
  </div>,
]
`;
