// Jest Snapshot v1, https://goo.gl/fbAQLP

exports[`<Error /> should matches the snapshot 1`] = `
<div>
  error: 
</div>
`;
