// Jest Snapshot v1, https://goo.gl/fbAQLP

exports[`<ImagePreview /> should matches the snapshot 1`] = `null`;
